// Vitest Snapshot v1, https://vitest.dev/guide/snapshot.html

exports[`pnpm parser > parse simple pnpm lock file 1`] = `
{
  "packages": [
    {
      "dependencies": [],
      "devDependencies": [],
      "name": "some-package",
      "optionalDependencies": [],
      "peerDependencies": [],
      "version": "1.2.3",
    },
  ],
  "root": {
    "dependencies": [
      {
        "dependencies": [],
        "devDependencies": [],
        "name": "some-package",
        "optionalDependencies": [],
        "peerDependencies": [],
        "version": "1.2.3",
      },
    ],
    "devDependencies": [],
    "name": "root",
    "optionalDependencies": [],
    "peerDependencies": [],
    "version": "",
  },
  "type": "pnpm",
}
`;

exports[`pnpm parser > parses a complex pnpm lock file 1`] = `
{
  "packages": [
    {
      "dependencies": [],
      "devDependencies": [],
      "name": "esbuild",
      "optionalDependencies": [
        {
          "dependencies": [],
          "devDependencies": [],
          "name": "@esbuild/aix-ppc64",
          "optionalDependencies": [],
          "peerDependencies": [],
          "version": "0.25.10",
        },
        {
          "dependencies": [],
          "devDependencies": [],
          "name": "@esbuild/android-arm",
          "optionalDependencies": [],
          "peerDependencies": [],
          "version": "0.25.10",
        },
        {
          "dependencies": [],
          "devDependencies": [],
          "name": "@esbuild/android-arm64",
          "optionalDependencies": [],
          "peerDependencies": [],
          "version": "0.25.10",
        },
        {
          "dependencies": [],
          "devDependencies": [],
          "name": "@esbuild/android-x64",
          "optionalDependencies": [],
          "peerDependencies": [],
          "version": "0.25.10",
        },
        {
          "dependencies": [],
          "devDependencies": [],
          "name": "@esbuild/darwin-arm64",
          "optionalDependencies": [],
          "peerDependencies": [],
          "version": "0.25.10",
        },
        {
          "dependencies": [],
          "devDependencies": [],
          "name": "@esbuild/darwin-x64",
          "optionalDependencies": [],
          "peerDependencies": [],
          "version": "0.25.10",
        },
        {
          "dependencies": [],
          "devDependencies": [],
          "name": "@esbuild/freebsd-arm64",
          "optionalDependencies": [],
          "peerDependencies": [],
          "version": "0.25.10",
        },
        {
          "dependencies": [],
          "devDependencies": [],
          "name": "@esbuild/freebsd-x64",
          "optionalDependencies": [],
          "peerDependencies": [],
          "version": "0.25.10",
        },
        {
          "dependencies": [],
          "devDependencies": [],
          "name": "@esbuild/linux-arm",
          "optionalDependencies": [],
          "peerDependencies": [],
          "version": "0.25.10",
        },
        {
          "dependencies": [],
          "devDependencies": [],
          "name": "@esbuild/linux-arm64",
          "optionalDependencies": [],
          "peerDependencies": [],
          "version": "0.25.10",
        },
        {
          "dependencies": [],
          "devDependencies": [],
          "name": "@esbuild/linux-ia32",
          "optionalDependencies": [],
          "peerDependencies": [],
          "version": "0.25.10",
        },
        {
          "dependencies": [],
          "devDependencies": [],
          "name": "@esbuild/linux-loong64",
          "optionalDependencies": [],
          "peerDependencies": [],
          "version": "0.25.10",
        },
        {
          "dependencies": [],
          "devDependencies": [],
          "name": "@esbuild/linux-mips64el",
          "optionalDependencies": [],
          "peerDependencies": [],
          "version": "0.25.10",
        },
        {
          "dependencies": [],
          "devDependencies": [],
          "name": "@esbuild/linux-ppc64",
          "optionalDependencies": [],
          "peerDependencies": [],
          "version": "0.25.10",
        },
        {
          "dependencies": [],
          "devDependencies": [],
          "name": "@esbuild/linux-riscv64",
          "optionalDependencies": [],
          "peerDependencies": [],
          "version": "0.25.10",
        },
        {
          "dependencies": [],
          "devDependencies": [],
          "name": "@esbuild/linux-s390x",
          "optionalDependencies": [],
          "peerDependencies": [],
          "version": "0.25.10",
        },
        {
          "dependencies": [],
          "devDependencies": [],
          "name": "@esbuild/linux-x64",
          "optionalDependencies": [],
          "peerDependencies": [],
          "version": "0.25.10",
        },
        {
          "dependencies": [],
          "devDependencies": [],
          "name": "@esbuild/netbsd-arm64",
          "optionalDependencies": [],
          "peerDependencies": [],
          "version": "0.25.10",
        },
        {
          "dependencies": [],
          "devDependencies": [],
          "name": "@esbuild/netbsd-x64",
          "optionalDependencies": [],
          "peerDependencies": [],
          "version": "0.25.10",
        },
        {
          "dependencies": [],
          "devDependencies": [],
          "name": "@esbuild/openbsd-arm64",
          "optionalDependencies": [],
          "peerDependencies": [],
          "version": "0.25.10",
        },
        {
          "dependencies": [],
          "devDependencies": [],
          "name": "@esbuild/openbsd-x64",
          "optionalDependencies": [],
          "peerDependencies": [],
          "version": "0.25.10",
        },
        {
          "dependencies": [],
          "devDependencies": [],
          "name": "@esbuild/openharmony-arm64",
          "optionalDependencies": [],
          "peerDependencies": [],
          "version": "0.25.10",
        },
        {
          "dependencies": [],
          "devDependencies": [],
          "name": "@esbuild/sunos-x64",
          "optionalDependencies": [],
          "peerDependencies": [],
          "version": "0.25.10",
        },
        {
          "dependencies": [],
          "devDependencies": [],
          "name": "@esbuild/win32-arm64",
          "optionalDependencies": [],
          "peerDependencies": [],
          "version": "0.25.10",
        },
        {
          "dependencies": [],
          "devDependencies": [],
          "name": "@esbuild/win32-ia32",
          "optionalDependencies": [],
          "peerDependencies": [],
          "version": "0.25.10",
        },
        {
          "dependencies": [],
          "devDependencies": [],
          "name": "@esbuild/win32-x64",
          "optionalDependencies": [],
          "peerDependencies": [],
          "version": "0.25.10",
        },
      ],
      "peerDependencies": [],
      "version": "0.25.10",
    },
    {
      "dependencies": [],
      "devDependencies": [],
      "name": "picocolors",
      "optionalDependencies": [],
      "peerDependencies": [],
      "version": "1.1.1",
    },
    {
      "dependencies": [],
      "devDependencies": [],
      "name": "tinyexec",
      "optionalDependencies": [],
      "peerDependencies": [],
      "version": "1.0.1",
    },
    {
      "dependencies": [],
      "devDependencies": [],
      "name": "@esbuild/aix-ppc64",
      "optionalDependencies": [],
      "peerDependencies": [],
      "version": "0.25.10",
    },
    {
      "dependencies": [],
      "devDependencies": [],
      "name": "@esbuild/android-arm",
      "optionalDependencies": [],
      "peerDependencies": [],
      "version": "0.25.10",
    },
    {
      "dependencies": [],
      "devDependencies": [],
      "name": "@esbuild/android-arm64",
      "optionalDependencies": [],
      "peerDependencies": [],
      "version": "0.25.10",
    },
    {
      "dependencies": [],
      "devDependencies": [],
      "name": "@esbuild/android-x64",
      "optionalDependencies": [],
      "peerDependencies": [],
      "version": "0.25.10",
    },
    {
      "dependencies": [],
      "devDependencies": [],
      "name": "@esbuild/darwin-arm64",
      "optionalDependencies": [],
      "peerDependencies": [],
      "version": "0.25.10",
    },
    {
      "dependencies": [],
      "devDependencies": [],
      "name": "@esbuild/darwin-x64",
      "optionalDependencies": [],
      "peerDependencies": [],
      "version": "0.25.10",
    },
    {
      "dependencies": [],
      "devDependencies": [],
      "name": "@esbuild/freebsd-arm64",
      "optionalDependencies": [],
      "peerDependencies": [],
      "version": "0.25.10",
    },
    {
      "dependencies": [],
      "devDependencies": [],
      "name": "@esbuild/freebsd-x64",
      "optionalDependencies": [],
      "peerDependencies": [],
      "version": "0.25.10",
    },
    {
      "dependencies": [],
      "devDependencies": [],
      "name": "@esbuild/linux-arm",
      "optionalDependencies": [],
      "peerDependencies": [],
      "version": "0.25.10",
    },
    {
      "dependencies": [],
      "devDependencies": [],
      "name": "@esbuild/linux-arm64",
      "optionalDependencies": [],
      "peerDependencies": [],
      "version": "0.25.10",
    },
    {
      "dependencies": [],
      "devDependencies": [],
      "name": "@esbuild/linux-ia32",
      "optionalDependencies": [],
      "peerDependencies": [],
      "version": "0.25.10",
    },
    {
      "dependencies": [],
      "devDependencies": [],
      "name": "@esbuild/linux-loong64",
      "optionalDependencies": [],
      "peerDependencies": [],
      "version": "0.25.10",
    },
    {
      "dependencies": [],
      "devDependencies": [],
      "name": "@esbuild/linux-mips64el",
      "optionalDependencies": [],
      "peerDependencies": [],
      "version": "0.25.10",
    },
    {
      "dependencies": [],
      "devDependencies": [],
      "name": "@esbuild/linux-ppc64",
      "optionalDependencies": [],
      "peerDependencies": [],
      "version": "0.25.10",
    },
    {
      "dependencies": [],
      "devDependencies": [],
      "name": "@esbuild/linux-riscv64",
      "optionalDependencies": [],
      "peerDependencies": [],
      "version": "0.25.10",
    },
    {
      "dependencies": [],
      "devDependencies": [],
      "name": "@esbuild/linux-s390x",
      "optionalDependencies": [],
      "peerDependencies": [],
      "version": "0.25.10",
    },
    {
      "dependencies": [],
      "devDependencies": [],
      "name": "@esbuild/linux-x64",
      "optionalDependencies": [],
      "peerDependencies": [],
      "version": "0.25.10",
    },
    {
      "dependencies": [],
      "devDependencies": [],
      "name": "@esbuild/netbsd-arm64",
      "optionalDependencies": [],
      "peerDependencies": [],
      "version": "0.25.10",
    },
    {
      "dependencies": [],
      "devDependencies": [],
      "name": "@esbuild/netbsd-x64",
      "optionalDependencies": [],
      "peerDependencies": [],
      "version": "0.25.10",
    },
    {
      "dependencies": [],
      "devDependencies": [],
      "name": "@esbuild/openbsd-arm64",
      "optionalDependencies": [],
      "peerDependencies": [],
      "version": "0.25.10",
    },
    {
      "dependencies": [],
      "devDependencies": [],
      "name": "@esbuild/openbsd-x64",
      "optionalDependencies": [],
      "peerDependencies": [],
      "version": "0.25.10",
    },
    {
      "dependencies": [],
      "devDependencies": [],
      "name": "@esbuild/openharmony-arm64",
      "optionalDependencies": [],
      "peerDependencies": [],
      "version": "0.25.10",
    },
    {
      "dependencies": [],
      "devDependencies": [],
      "name": "@esbuild/sunos-x64",
      "optionalDependencies": [],
      "peerDependencies": [],
      "version": "0.25.10",
    },
    {
      "dependencies": [],
      "devDependencies": [],
      "name": "@esbuild/win32-arm64",
      "optionalDependencies": [],
      "peerDependencies": [],
      "version": "0.25.10",
    },
    {
      "dependencies": [],
      "devDependencies": [],
      "name": "@esbuild/win32-ia32",
      "optionalDependencies": [],
      "peerDependencies": [],
      "version": "0.25.10",
    },
    {
      "dependencies": [],
      "devDependencies": [],
      "name": "@esbuild/win32-x64",
      "optionalDependencies": [],
      "peerDependencies": [],
      "version": "0.25.10",
    },
  ],
  "root": {
    "dependencies": [
      {
        "dependencies": [],
        "devDependencies": [],
        "name": "esbuild",
        "optionalDependencies": [
          {
            "dependencies": [],
            "devDependencies": [],
            "name": "@esbuild/aix-ppc64",
            "optionalDependencies": [],
            "peerDependencies": [],
            "version": "0.25.10",
          },
          {
            "dependencies": [],
            "devDependencies": [],
            "name": "@esbuild/android-arm",
            "optionalDependencies": [],
            "peerDependencies": [],
            "version": "0.25.10",
          },
          {
            "dependencies": [],
            "devDependencies": [],
            "name": "@esbuild/android-arm64",
            "optionalDependencies": [],
            "peerDependencies": [],
            "version": "0.25.10",
          },
          {
            "dependencies": [],
            "devDependencies": [],
            "name": "@esbuild/android-x64",
            "optionalDependencies": [],
            "peerDependencies": [],
            "version": "0.25.10",
          },
          {
            "dependencies": [],
            "devDependencies": [],
            "name": "@esbuild/darwin-arm64",
            "optionalDependencies": [],
            "peerDependencies": [],
            "version": "0.25.10",
          },
          {
            "dependencies": [],
            "devDependencies": [],
            "name": "@esbuild/darwin-x64",
            "optionalDependencies": [],
            "peerDependencies": [],
            "version": "0.25.10",
          },
          {
            "dependencies": [],
            "devDependencies": [],
            "name": "@esbuild/freebsd-arm64",
            "optionalDependencies": [],
            "peerDependencies": [],
            "version": "0.25.10",
          },
          {
            "dependencies": [],
            "devDependencies": [],
            "name": "@esbuild/freebsd-x64",
            "optionalDependencies": [],
            "peerDependencies": [],
            "version": "0.25.10",
          },
          {
            "dependencies": [],
            "devDependencies": [],
            "name": "@esbuild/linux-arm",
            "optionalDependencies": [],
            "peerDependencies": [],
            "version": "0.25.10",
          },
          {
            "dependencies": [],
            "devDependencies": [],
            "name": "@esbuild/linux-arm64",
            "optionalDependencies": [],
            "peerDependencies": [],
            "version": "0.25.10",
          },
          {
            "dependencies": [],
            "devDependencies": [],
            "name": "@esbuild/linux-ia32",
            "optionalDependencies": [],
            "peerDependencies": [],
            "version": "0.25.10",
          },
          {
            "dependencies": [],
            "devDependencies": [],
            "name": "@esbuild/linux-loong64",
            "optionalDependencies": [],
            "peerDependencies": [],
            "version": "0.25.10",
          },
          {
            "dependencies": [],
            "devDependencies": [],
            "name": "@esbuild/linux-mips64el",
            "optionalDependencies": [],
            "peerDependencies": [],
            "version": "0.25.10",
          },
          {
            "dependencies": [],
            "devDependencies": [],
            "name": "@esbuild/linux-ppc64",
            "optionalDependencies": [],
            "peerDependencies": [],
            "version": "0.25.10",
          },
          {
            "dependencies": [],
            "devDependencies": [],
            "name": "@esbuild/linux-riscv64",
            "optionalDependencies": [],
            "peerDependencies": [],
            "version": "0.25.10",
          },
          {
            "dependencies": [],
            "devDependencies": [],
            "name": "@esbuild/linux-s390x",
            "optionalDependencies": [],
            "peerDependencies": [],
            "version": "0.25.10",
          },
          {
            "dependencies": [],
            "devDependencies": [],
            "name": "@esbuild/linux-x64",
            "optionalDependencies": [],
            "peerDependencies": [],
            "version": "0.25.10",
          },
          {
            "dependencies": [],
            "devDependencies": [],
            "name": "@esbuild/netbsd-arm64",
            "optionalDependencies": [],
            "peerDependencies": [],
            "version": "0.25.10",
          },
          {
            "dependencies": [],
            "devDependencies": [],
            "name": "@esbuild/netbsd-x64",
            "optionalDependencies": [],
            "peerDependencies": [],
            "version": "0.25.10",
          },
          {
            "dependencies": [],
            "devDependencies": [],
            "name": "@esbuild/openbsd-arm64",
            "optionalDependencies": [],
            "peerDependencies": [],
            "version": "0.25.10",
          },
          {
            "dependencies": [],
            "devDependencies": [],
            "name": "@esbuild/openbsd-x64",
            "optionalDependencies": [],
            "peerDependencies": [],
            "version": "0.25.10",
          },
          {
            "dependencies": [],
            "devDependencies": [],
            "name": "@esbuild/openharmony-arm64",
            "optionalDependencies": [],
            "peerDependencies": [],
            "version": "0.25.10",
          },
          {
            "dependencies": [],
            "devDependencies": [],
            "name": "@esbuild/sunos-x64",
            "optionalDependencies": [],
            "peerDependencies": [],
            "version": "0.25.10",
          },
          {
            "dependencies": [],
            "devDependencies": [],
            "name": "@esbuild/win32-arm64",
            "optionalDependencies": [],
            "peerDependencies": [],
            "version": "0.25.10",
          },
          {
            "dependencies": [],
            "devDependencies": [],
            "name": "@esbuild/win32-ia32",
            "optionalDependencies": [],
            "peerDependencies": [],
            "version": "0.25.10",
          },
          {
            "dependencies": [],
            "devDependencies": [],
            "name": "@esbuild/win32-x64",
            "optionalDependencies": [],
            "peerDependencies": [],
            "version": "0.25.10",
          },
        ],
        "peerDependencies": [],
        "version": "0.25.10",
      },
    ],
    "devDependencies": [
      {
        "dependencies": [],
        "devDependencies": [],
        "name": "picocolors",
        "optionalDependencies": [],
        "peerDependencies": [],
        "version": "1.1.1",
      },
      {
        "dependencies": [],
        "devDependencies": [],
        "name": "tinyexec",
        "optionalDependencies": [],
        "peerDependencies": [],
        "version": "1.0.1",
      },
    ],
    "name": "root",
    "optionalDependencies": [],
    "peerDependencies": [],
    "version": "",
  },
  "type": "pnpm",
}
`;
